1mcnpx    version 2.7.0 ld=Mon Apr 18 08:00:00 MST 2011               >>PoliMi v2.0.5<< 
 ***************************************************************************************   probid =   06/28/16 13:01:04
 inp=clinac_no_target_h2_n.inp outp=clinac_no_target_h2_n.out                                                            

 *************************************************************
 *                                                           *
 *                   MCNPX                                   *
 *                                                           *
 * Copyright 2007. Los Alamos National Security, LLC.        *
 * All rights reserved.                                      *
 *                                                           *
 * This material was produced under U.S. Government contract *
 * DE-AC52-06NA25396 for Los Alamos National Laboratory,     *
 * which is operated by Los Alamos National Security, LLC    *
 * for the U.S. Department of Energy. The Government is      *
 * granted for itself and others acting on its behalf a      *
 * paid-up, nonexclusive, irrevocable worldwide license in   *
 * this material to reproduce, prepare derivative works, and *
 * works, and perform publicly and display publicly.         *
 * Beginning five (5) years after June 1, 2006, subject to   *
 * additional five-year worldwide renewals, the Government   *
 * is granted for itself and others acting on its behalf     *
 * a paid-up, nonexclusive, irrevocable worldwide license    *
 * in this material to reproduce, prepare derivative works,  *
 * distribute copies to the public, perform publicly and     *
 * display publicly, and to permit others to do so.          *
 *                                                           *
 * NEITHER THE UNITED STATES NOR THE UNITED STATES           *
 * DEPARTMENT OF ENERGY, NOR LOS ALAMOS NATIONAL SECURITY,   *
 * LLC, NOR ANY OF THEIR EMPLOYEES, MAKES ANY WARRANTY,      *
 * EXPRESS OR IMPLIED, OR ASSUMES ANY LEGAL LIABILITY OR     *
 * RESPONSIBILITY FOR THE ACCURACY, COMPLETENESS, OR         *
 * USEFULNESS OF ANY INFORMATION, APPARATUS, PRODUCT, OR     *
 * PROCESS DISCLOSED, OR REPRESENTS THAT ITS USE WOULD NOT   *
 * INFRINGE PRIVATELY OWNED RIGHTS.                          *
 *                                                           *
 *************************************************************
    1-       clinac_no_target_h2                                                             
    2-       c A photon source from bremsstrahlung onto material surrounding the clinac to   
    3-       c determine the photoneutron output                                             
    4-       c ----------------------------------- Cells ------------------------------------
    5-       c --- concrete-floor                                                            
    6-       10 1 -2.30     -10 imp:n,p=1                                                    
    7-       c --- dirt-subfloor                                                             
    8-       20 2 -1.0      -20 imp:n,p=1                                                    
    9-       c --- bulb-0                                                                    
   10-       30 3 -0.001205 -30 imp:n,p=1                                                    
   11-       c --- bulb-52                                                                   
   12-       40 3 -0.001205 -40 imp:n,p=1                                                    
   13-       c --- bulb-132                                                                  
   14-       50 3 -0.001205 -50 imp:n,p=1                                                    
   15-       c --- universe                                                                  
   16-       60 3 -0.001205 (10 20 30 40 50) -60 imp:n,p=1                                   
   17-       c --- outside                                                                   
   18-       99 0            60 imp:n,p=0                                                    
   19-                                                                                       
   20-       c ---------------------------------- Geometry ----------------------------------
   21-       c --- concrete-floor                                                            
   22-       10    rpp -100.0001 100.0001 -100.0001 100.0001 -130.000 -100.000               
   23-       c --- dirt-subfloor                                                             
   24-       20    rpp -100.000 100.000 -100.000 100.000 -280.000 -130.0001                  
   25-       c --- bulb-0                                                                    
   26-       30    rcc 0.0000 0.0000 -1.4 0.0000 0.0000 2.8000 1.4000                        
   27-       c --- bulb-52                                                                   
   28-       40    rcc 52.0000 0.0000 -1.40001 0.0000 0.0000 2.8000 1.4000                   
   29-       c --- bulb-132                                                                  
   30-       50    rcc 132.0000 0.0000 -1.39999 0.0000 0.0000 2.8000 1.4000                  
   31-       c --- universe                                                                  
   32-       60    sph 0.0000 0.0000 0.0000 400.0000                                         
   33-                                                                                       
   34-       c ------------------------------------ Data ------------------------------------
   35-       c ---------------------------------- Sources -----------------------------------
   36-       c --- disk source, radially sampled from bremsstrahlung spectrum                
   37-       c      facing downward                                                          
   38-       sdef pos=0 0 100 axs=0 0 1 ext=0 rad=d3 par=2 erg=d1 vec=0 0 -1 dir=1           
 warning.  ext is constant.  in most problems it is a variable.
   39-       si1 a  0    0.0100    0.0220    0.0364    0.0537    0.0744    0.0993 $ VARIAN e 
   40-              0.1292    0.1650    0.2080    0.2596    0.3215    0.3958    0.4850       
   41-              0.5920    0.7204    0.8744    1.0593    1.2812    1.5474    1.8669       
   42-              2.2503    2.7103    3.2624    3.9248    4.7198    5.6738    6.0000       
   43-       sp1 d 0    0.1818    0.2675    0.3567    0.4601    0.5852    0.7305 $ VARIAN p b
   44-             0.8737    0.9878    1.1246    1.4328    1.4745    1.3132    1.0466        
   45-             0.8419    0.6704    0.5284    0.4190    0.3395    0.2614    0.1890        
   46-             0.1411    0.1104    0.0662    0.0311    0.0233    0.0012       0          
   47-       si3 0 5                                                                         
   48-       sp3 -21 0                                                                       
   49-       c ---------------------------------- Physics -----------------------------------
   50-       c --- default physics for n p                                                   
   51-       mode n p                                                                        
   52-       phys:n J 20. 3J 5                                                               
   53-       phys:p 20 0 1 -1 2J 1                                                           
   54-       cut:p 20 1 0 0                                                                  
   55-       nps 1                                                                           
   56-       ipol 55 3J 1 J 1 10                                                             
   57-       rpol 1E-4 1E-4 J                                                                
   58-       files 21 clinac_no_target_h2_pol.out 8J 1 clinac_no_target_h2_photo.out         
   59-       c ---------------------------------- Tallies -----------------------------------
   60-       fc14 bulb at center                                                             
   61-       f14:n 30                                                                        
   62-       e14 1e-8 99i 20                                                                 
   63-       fc24 bulb at 52cm from axis                                                     
   64-       f24:n 40                                                                        
   65-       e24 1e-8 99i 20                                                                 
   66-       fc34 bulb at 132cm from axis                                                    
   67-       f34:n 50                                                                        
   68-       e34 1e-8 99i 20                                                                 
   69-       fc11 surface of concrete                                                        
   70-       f11:n 10.5                                                                      
   71-       e11 1e-4 99i 20                                                                 
   72-       c --------------------------------- Materials ----------------------------------
   73-       c --- concrete                                                                  
   74-       m1   1002 0.3042                                                                
   75-            6012 0.0029                                                                
   76-            8016 0.4986                                                                
   77-            11023 0.0092                                                               
   78-            12000 0.0007                                                               
   79-            13027 0.0103                                                               
   80-            14000 0.1505                                                               
   81-            19000 0.0071                                                               
   82-            20000 0.0149                                                               
   83-            26000 0.0016                                                               
   84-       c --- dirt                                                                      
   85-       m2   1002 -2.8100                                                               
   86-            6012 -14.4300                                                              
   87-            7017 -0.0010                                                               
   88-            8016 -49.6400                                                              
   89-            11023 -0.8200                                                              
   90-            13027 -8.9300                                                              
   91-            14000 -21.3200                                                             
   92-            19000 -0.5600                                                              
   93-            20000 -0.5400                                                              
   94-            26000 -0.9600                                                              
   95-       c --- air                                                                       
   96-       m3   1001 0.0002                                                                
   97-            7017 0.7844                                                                
   98-            8016 0.2107                                                                
   99-            18000 0.0047                                                               
 
 warning.  total nu is now the default for fixed-source problems.
 
 warning.  a<>1 for sampling source rad in cylindrical geometry.
 
 warning.  there are only neutron tallies in this problem.
 
 warning.  use models for the following missing data tables:
   7017.  c
   1001.  u
   7017.  u
  12000.  u
  14000.  u
  18000.  u
  19000.  u
  20000.  u
  26000.  u
 
 warning.    1 materials had unnormalized fractions. print table 40.


1LAHET physics options:                                                                                 print table 41

 lca    ielas   ipreq  iexisa  ichoic   jcoul  nexite   npidk   noact    icem    ilaq
 lca        2       1       1      23       1       1       0       1       0       0

 lcb    flenb(i),i=1,6                                                          ctofe       flim0
 lcb    3.4900E+03  3.4900E+03  2.4900E+03  2.4900E+03  8.0000E+02  8.0000E+02 -1.0000E+00 -1.0000E+00

 lea     ipht     icc  nobalc  nobale   ifbrk  ilvden   ievap   nofis
 lea        1       4       1       0       1       0       0       1

 leb    yzere       bzere       yzero       bzero
 leb    1.5000E+00  8.0000E+00  1.5000E+00  1.0000E+01

 
 warning.  cross-section file bertin     does not exist.
1cells                                                                                                  print table 60

                      atom        gram                                     neutron     photon       photon wt            
        cell  mat    density     density     volume       mass     pieces  importance  importance  generation            

     1    10    1  9.67230E-02 2.30000E+00 1.20000E+06 2.76001E+06      0  1.0000E+00  1.0000E+00  -1.000E+00            
     2    20    2  4.13786E-02 1.00000E+00 6.00000E+06 6.00000E+06      0  1.0000E+00  1.0000E+00  -1.000E+00            
     3    30    3  4.29395E-05 1.20500E-03 1.72411E+01 2.07755E-02      1  1.0000E+00  1.0000E+00  -1.000E+00            
     4    40    3  4.29395E-05 1.20500E-03 1.72411E+01 2.07755E-02      1  1.0000E+00  1.0000E+00  -1.000E+00            
     5    50    3  4.29395E-05 1.20500E-03 1.72411E+01 2.07755E-02      1  1.0000E+00  1.0000E+00  -1.000E+00            
     6    60    3  4.29395E-05 1.20500E-03 0.00000E+00 0.00000E+00      0  1.0000E+00  1.0000E+00  -1.000E+00            
     7    99    0  0.00000E+00 0.00000E+00 0.00000E+00 0.00000E+00      0  0.0000E+00  0.0000E+00  -1.000E+00            

 total                                     7.20005E+06 8.76000E+06


 random number control    0.830206021468160E+14

    minimum source weight = 1.0000E+00    maximum source weight = 1.0000E+00
 
 warning.  unequal time cutoffs: neutron    , photon     .

 Using LLNL Photofission Multiplicity Model


 Using LLNL Fission Multiplicity Model


         8 warning messages so far.
1cross-section tables                                                                                   print table 100

     table    length

                        tables from file xdata/endf71x/H/1001.710nc                                      

 particle-production data for ipt= 31 being expunged from   1001.80c
   1001.80c   16130  H1 ENDF71x (jlconlin)  Ref. see jlconlin (ref 09/10/2012  10:00:53)          mat 125      12/17/12

                        tables from file xdata/endf71x/H/1002.710nc                                      

 particle-production data for ipt=  9 being expunged from   1002.80c
 particle-production data for ipt= 32 being expunged from   1002.80c
   1002.80c    8264  H2 ENDF71x (jlconlin)  Ref. see jlconlin (ref 09/10/2012  10:00:53)          mat 128      12/17/12

                        tables from file xdata/rmccs                                                     

   6012.50c   21849  njoy                                                                       (  1306)      79/07/31.
  26000.55c  170843  njoy                                                                       ( 260)       10/21/82  

                        tables from file xdata/endf71x/O/8016.710nc                                      

 particle-production data for ipt=  9 being expunged from   8016.80c
 particle-production data for ipt= 31 being expunged from   8016.80c
 particle-production data for ipt= 32 being expunged from   8016.80c
 particle-production data for ipt= 34 being expunged from   8016.80c
   8016.80c  289580  O16 ENDF71x (jlconlin)  Ref. see jlconlin (ref 09/10/2012  10:00:53)         mat 825      12/13/12

                        tables from file xdata/endf71x/Na/11023.710nc                                    

  11023.80c   68168  Na23 ENDF71x (jlconlin)  Ref. see jlconlin (ref 09/10/2012  10:00:53)        mat1125      12/22/12

                        tables from file xdata/actia                                                     

  12000.62c   65572  12-mg-0 at 293.6K from endf/b-vi.8 njoy99.50                                 mat1200      12/06/01
  19000.62c   49548  19-k-0 at 293.6K from endf/b-vi.8 njoy99.50                                  mat1900      12/06/01
 particle-production data for ipt=  9 being expunged from  20000.62c
 particle-production data for ipt= 31 being expunged from  20000.62c
 particle-production data for ipt= 32 being expunged from  20000.62c
 particle-production data for ipt= 34 being expunged from  20000.62c
  20000.62c  139923  20-ca-0 at 293.6K from endf-vi.8 njoy99.50                                   mat2000      12/05/01

                        tables from file xdata/endf71x/Al/13027.710nc                                    

 particle-production data for ipt=  9 being expunged from  13027.80c
 particle-production data for ipt= 31 being expunged from  13027.80c
 particle-production data for ipt= 32 being expunged from  13027.80c
 particle-production data for ipt= 34 being expunged from  13027.80c
  13027.80c  171493  Al27 ENDF71x (jlconlin)  Ref. see jlconlin (ref 09/10/2012  10:00:53)        mat1325      12/22/12

                        tables from file xdata/endf60                                                    

  14000.60c  100772  14-si-nat from endf/b-vi                                                     mat1400      11/25/93

                        tables from file xdata/rmccsa                                                    

  18000.35c    4724      endl85                                                                   (  18)       11/01/85
                     temperature = 0.0000E+00 adjusted to 2.5300E-08

                        tables from file xdata/mcplib84                                                  

   1000.84p    1974  Update of MCPLIB04 Photon Compton Broadening Data For MCNP5 see LA-UR-    12-00018        01/03/12
   6000.84p    3228  Update of MCPLIB04 Photon Compton Broadening Data For MCNP5 see LA-UR-    12-00018        01/03/12
   7000.84p    3270  Update of MCPLIB04 Photon Compton Broadening Data For MCNP5 see LA-UR-    12-00018        01/03/12
   8000.84p    3348  Update of MCPLIB04 Photon Compton Broadening Data For MCNP5 see LA-UR-    12-00018        01/03/12
  11000.84p    4071  Update of MCPLIB04 Photon Compton Broadening Data For MCNP5 see LA-UR-    12-00018        01/03/12
  12000.84p    3857  Update of MCPLIB04 Photon Compton Broadening Data For MCNP5 see LA-UR-    12-00018        01/03/12
  13000.84p    4922  Update of MCPLIB04 Photon Compton Broadening Data For MCNP5 see LA-UR-    12-00018        01/03/12
  14000.84p    4868  Update of MCPLIB04 Photon Compton Broadening Data For MCNP5 see LA-UR-    12-00018        01/03/12
  18000.84p    4772  Update of MCPLIB04 Photon Compton Broadening Data For MCNP5 see LA-UR-    12-00018        01/03/12
  19000.84p    5123  Update of MCPLIB04 Photon Compton Broadening Data For MCNP5 see LA-UR-    12-00018        01/03/12
  20000.84p    5089  Update of MCPLIB04 Photon Compton Broadening Data For MCNP5 see LA-UR-    12-00018        01/03/12
  26000.84p    5794  Update of MCPLIB04 Photon Compton Broadening Data For MCNP5 see LA-UR-    12-00018        01/03/12

                        tables from file xdata/la150u                                                    

   1002.24u    3686  LA150 Photonuclear Data Library H-2                                          mat 128      10/18/01
   6012.24u   50395  LA150 Photonuclear Data Library C-12                                         mat 625      07/26/00
   8016.24u   72930  LA150 Photonuclear Data Library O-16                                         mat 825      07/26/00
  13027.24u   68599  LA150 Photonuclear Data Library Al-27                                        mat1325      07/26/00

                        tables from file xmc/endf7u                                                      

  11023.70u  146663   11-Na- 23 photonuclear from ENDF/B-VII.0                                    mat1125      05/02/07

  total     1499455
 
 warning.  neutron energy cutoff is below some cross-section tables.
 
 warning.     1 cross sections modified by free gas thermal treatment.

 maximum photon energy set to  100.0 mev (maximum electron energy)
 warning.  simple physics turned on for photons > e mev.               
 nps =         0     nrn =               1      e  = 2.0000E+01                     

                        tables from file xdata/el03                                                      

   1000.03e    2329                                                                                          6/6/98    
   6000.03e    2333                                                                                          6/6/98    
   7000.03e    2333                                                                                          6/6/98    
   8000.03e    2333                                                                                          6/6/98    
  11000.03e    2337                                                                                          6/6/98    
  12000.03e    2337                                                                                          6/6/98    
  13000.03e    2337                                                                                          6/6/98    
  14000.03e    2339                                                                                          6/6/98    
  18000.03e    2341                                                                                          6/6/98    
  19000.03e    2343                                                                                          6/6/98    
  20000.03e    2343                                                                                          6/6/98    
  26000.03e    2345                                                                                          6/6/98    

1particles and energy limits                                                                            print table 101

                         particle      maximum       smallest      largest       always        always
                         cutoff        particle      table         table         use table     use model
   particle type         energy        energy        maximum       maximum       below         above

    1  n  neutron       0.0000E+00    1.0000E+37    2.0000E+01    1.5000E+02    0.0000E+00    1.5000E+02
    2  p  photon        1.0000E+00    1.0000E+02    1.0000E+05    1.0000E+05    1.0000E+37    1.0000E+37
       photonuclear     1.0000E+00    1.0000E+02    3.0000E+01    1.5000E+02    0.0000E+00    1.5000E+02
    3  e  electron      1.0000E-03    1.0000E+02    1.0000E+02    1.0000E+02    1.0000E+37    1.0000E+37


The following nuclides use physics models rather than data tables:

            7017.  c
            1001.  u
            7017.  u
           12000.  u
           14000.  u
           18000.  u
           19000.  u
           20000.  u
           26000.  u
 
1decimal words of dynamically allocated storage

     general                  0
     tallies              15528
     bank                237569
     cross sections     1499456

     total                    0     =           0 bytes

 ***********************************************************************************************************************
 dump no.    1 on file runtpg     nps =           0   coll =              0     ctm =        0.00     nrn =              0


        11 warning messages so far.

         ---->  -PoliMi source = ph.nuclear

